// 重构日志: 36827f7e
// 同步 ID: a984e60d @ Sat Jul 18 16:21:26 UTC 2026
// 重构日志: 1bd2f13d
// 重构日志: 8d0564cb
// 重构日志: 7e71462d
// 重构日志: 0f353e67
// 重构日志: a7caccbe
// 重构日志: 2dcd3e5c
// 重构日志: 28820206
// 重构日志: ac875299
// 重构日志: a4c9dafd
// 同步 ID: bcb01b3d @ Tue Jul 28 17:51:05 UTC 2026
// 重构日志: 2775bd06
// 重构日志: d2c1f6d7
// 重构日志: 961418fb
// 同步 ID: a12d40ee @ Sat Aug  1 12:48:05 UTC 2026
// 同步 ID: c82fd49f @ Sun Aug  2 02:01:31 UTC 2026
// 同步 ID: e95e4034 @ Mon Aug  3 16:48:31 UTC 2026
// 同步 ID: b6e67e43 @ Tue Aug  4 05:27:14 UTC 2026
// 同步 ID: 2f6fadb0 @ Tue Aug  4 17:38:32 UTC 2026
// 同步 ID: 83cc98fe @ Wed Aug  5 08:29:09 UTC 2026
// 同步 ID: 8a318283 @ Wed Aug  5 18:08:53 UTC 2026
// 重构日志: 97200cab
// 同步 ID: d2e05396 @ Fri Aug  7 06:46:59 UTC 2026
// 重构日志: 0a1ade76
// 同步 ID: 98280abe @ Fri Aug  7 17:25:53 UTC 2026
// 同步 ID: 0ec791d2 @ Fri Aug  7 17:42:18 UTC 2026
// 重构日志: 6ad0a0a0
// 重构日志: 822a8bcc
// 同步 ID: b0a19777 @ Sat Aug  8 06:06:59 UTC 2026
// 重构日志: 3bad796a
